main.c:44:5:main	8	static
main.c:64:6:task1_handler	8	static
main.c:69:6:task2_handler	8	static
main.c:74:6:task3_handler	8	static
main.c:79:6:task4_handler	8	static
main.c:84:6:systick_init	32	static
main.c:98:6:save_psp_value	16	static
main.c:102:6:update_next_task	8	static
main.c:107:6:SysTick_Handler	8	static,ignoring_inline_asm
main.c:142:30:init_schedular_stack	16	static,ignoring_inline_asm
main.c:148:6:init_tasks_stack	24	static
main.c:177:6:enable_processor_faults	8	static
main.c:182:30:switch_sp_to_psp	8	static,ignoring_inline_asm
main.c:197:10:getCurrentPsp	8	static
