17:39:48 **** Incremental Build of configuration Debug for project 04_allocate_memory_space ****
make -j4 all 
arm-none-eabi-gcc -mcpu=cortex-m0 -g3 -c -x assembler-with-cpp -MMD -MP -MF"Src/main.d" -MT"Src/main.o" --specs=nano.specs -mfloat-abi=soft -mthumb -o "Src/main.o" "../Src/main.s"
arm-none-eabi-gcc -o "04_allocate_memory_space.elf" @"objects.list"   -mcpu=cortex-m0 -T"C:\Users\saka6\STM32CubeIDE\workspace_1.6.1\04_allocate_memory_space\STM32F030R8TX_FLASH.ld" --specs=nosys.specs -Wl,-Map="04_allocate_memory_space.map" -Wl,--gc-sections -static --specs=nano.specs -mfloat-abi=soft -mthumb -Wl,--start-group -lc -lm -Wl,--end-group
Finished building target: 04_allocate_memory_space.elf
 
arm-none-eabi-objdump -h -S  04_allocate_memory_space.elf  > "04_allocate_memory_space.list"
arm-none-eabi-objcopy  -O binary  04_allocate_memory_space.elf  "04_allocate_memory_space.bin"
arm-none-eabi-size   04_allocate_memory_space.elf 
   text	   data	    bss	    dec	    hex	filename
    456	     20	   1564	   2040	    7f8	04_allocate_memory_space.elf
Finished building: default.size.stdout
 
Finished building: 04_allocate_memory_space.bin
 
Finished building: 04_allocate_memory_space.list
 

17:39:51 Build Finished. 0 errors, 0 warnings. (took 2s.503ms)

