17:39:30 **** Incremental Build of configuration Debug for project 17_GPIO ****
make -j4 all 
arm-none-eabi-gcc -mcpu=cortex-m0 -g3 -c -x assembler-with-cpp -MMD -MP -MF"Src/main.d" -MT"Src/main.o" --specs=nano.specs -mfloat-abi=soft -mthumb -o "Src/main.o" "../Src/main.s"
arm-none-eabi-gcc -o "17_GPIO.elf" @"objects.list"   -mcpu=cortex-m0 -T"C:\Users\saka6\STM32CubeIDE\workspace_1.6.1\17_GPIO\STM32F030R8TX_FLASH.ld" --specs=nosys.specs -Wl,-Map="17_GPIO.map" -Wl,--gc-sections -static --specs=nano.specs -mfloat-abi=soft -mthumb -Wl,--start-group -lc -lm -Wl,--end-group
Finished building target: 17_GPIO.elf
 
arm-none-eabi-objdump -h -S  17_GPIO.elf  > "17_GPIO.list"
arm-none-eabi-objcopy  -O binary  17_GPIO.elf  "17_GPIO.bin"
arm-none-eabi-size   17_GPIO.elf 
   text	   data	    bss	    dec	    hex	filename
    500	      8	   1568	   2076	    81c	17_GPIO.elf
Finished building: default.size.stdout
 
Finished building: 17_GPIO.bin
 
Finished building: 17_GPIO.list
 
17:39:43 **** Incremental Build of configuration Debug for project 17_GPIO ****
make -j4 all 
arm-none-eabi-size   17_GPIO.elf 
   text	   data	    bss	    dec	    hex	filename
    500	      8	   1568	   2076	    81c	17_GPIO.elf
Finished building: default.size.stdout
 
