11:46:30 **** Incremental Build of configuration Debug for project RTOS1 ****
make -j4 all 
arm-none-eabi-gcc "../Core/Src/main.c" -mcpu=cortex-m0 -std=gnu11 -g3 -DDEBUG -DUSE_HAL_DRIVER -DSTM32F030x8 -c -I../Core/Inc -I../Drivers/STM32F0xx_HAL_Driver/Inc -I../Drivers/STM32F0xx_HAL_Driver/Inc/Legacy -I../Drivers/CMSIS/Device/ST/STM32F0xx/Include -I../Drivers/CMSIS/Include -I../Middlewares/Third_Party/FreeRTOS/Source/include -I../Middlewares/Third_Party/FreeRTOS/Source/CMSIS_RTOS -I../Middlewares/Third_Party/FreeRTOS/Source/portable/GCC/ARM_CM0 -O0 -ffunction-sections -fdata-sections -Wall -fstack-usage -MMD -MP -MF"Core/Src/main.d" -MT"Core/Src/main.o" --specs=nano.specs -mfloat-abi=soft -mthumb -o "Core/Src/main.o"
arm-none-eabi-gcc -o "RTOS1.elf" @"objects.list"   -mcpu=cortex-m0 -T"C:\Users\saka6\STM32CubeIDE\workspace_1.6.1\RTOS1\STM32F030R8TX_FLASH.ld" --specs=nosys.specs -Wl,-Map="RTOS1.map" -Wl,--gc-sections -static --specs=nano.specs -mfloat-abi=soft -mthumb -Wl,--start-group -lc -lm -Wl,--end-group
Finished building target: RTOS1.elf
 
arm-none-eabi-objdump -h -S  RTOS1.elf  > "RTOS1.list"
arm-none-eabi-objcopy  -O binary  RTOS1.elf  "RTOS1.bin"
arm-none-eabi-size   RTOS1.elf 
   text	   data	    bss	    dec	    hex	filename
  16104	    120	   5800	  22024	   5608	RTOS1.elf
Finished building: default.size.stdout
 
Finished building: RTOS1.bin
 
Finished building: RTOS1.list
 

11:46:32 Build Finished. 0 errors, 0 warnings. (took 2s.234ms)

